// Jest Snapshot v1, https://goo.gl/fbAQLP

exports[`should calc 1`] = `4`;

exports[`should pad 1`] = `"  hello   "`;
